// Jest Snapshot v1, https://goo.gl/fbAQLP

exports[`Accordion renders empty li when sections not given 1`] = `<ul />`;
